Archive member included to satisfy reference by file (symbol)

c:/program files/microchip/xc8/v2.32/avr/bin/../lib/gcc/avr/5.4.0/avrxmega4/memx-const\libgcc.a(_exit.o)
                              C:/Program Files/Microchip/MPLABX/v5.50/packs/Microchip/AVR-Dx_DFP/1.8.112/xc8/avr/lib/avrxmega4/memx-const/crtavr128da48.o (exit)
c:/program files/microchip/xc8/v2.32/avr/bin/../lib/gcc/avr/5.4.0/avrxmega4/memx-const\libgcc.a(_copy_data.o)
                              build/default/production/mcc_generated_files/device_config.o (__do_copy_data)

Discarded input sections

 .data          0x0000000000000000        0x0 C:/Program Files/Microchip/MPLABX/v5.50/packs/Microchip/AVR-Dx_DFP/1.8.112/xc8/avr/lib/avrxmega4/memx-const/crtavr128da48.o
 .bss           0x0000000000000000        0x0 C:/Program Files/Microchip/MPLABX/v5.50/packs/Microchip/AVR-Dx_DFP/1.8.112/xc8/avr/lib/avrxmega4/memx-const/crtavr128da48.o
 .text          0x0000000000000000        0x0 build/default/production/mcc_generated_files/device_config.o
 .data          0x0000000000000000        0x0 build/default/production/mcc_generated_files/device_config.o
 .bss           0x0000000000000000        0x0 build/default/production/mcc_generated_files/device_config.o
 .text          0x0000000000000000        0x0 build/default/production/mcc_generated_files/src/tca0.o
 .data          0x0000000000000000        0x0 build/default/production/mcc_generated_files/src/tca0.o
 .bss           0x0000000000000000        0x0 build/default/production/mcc_generated_files/src/tca0.o
 .text.TCA0_SetOVFIsrCallback
                0x0000000000000000        0xa build/default/production/mcc_generated_files/src/tca0.o
 .text.TCA0_SetCMP0IsrCallback
                0x0000000000000000        0xa build/default/production/mcc_generated_files/src/tca0.o
 .text.TCA0_SetCMP1IsrCallback
                0x0000000000000000        0xa build/default/production/mcc_generated_files/src/tca0.o
 .text.TCA0_SetCMP2IsrCallback
                0x0000000000000000        0xa build/default/production/mcc_generated_files/src/tca0.o
 .text.TCA0_WriteTimer
                0x0000000000000000        0xa build/default/production/mcc_generated_files/src/tca0.o
 .text.TCA0_ReadTimer
                0x0000000000000000        0xa build/default/production/mcc_generated_files/src/tca0.o
 .text.TCA0_EnableInterrupt
                0x0000000000000000        0x8 build/default/production/mcc_generated_files/src/tca0.o
 .text.TCA0_DisableInterrupt
                0x0000000000000000        0x6 build/default/production/mcc_generated_files/src/tca0.o
 .text.TCA0_ClearOverflowInterruptFlag
                0x0000000000000000        0xc build/default/production/mcc_generated_files/src/tca0.o
 .text.TCA0_IsOverflowInterruptEnabled
                0x0000000000000000        0xc build/default/production/mcc_generated_files/src/tca0.o
 .text.TCA0_ClearCMP0InterruptFlag
                0x0000000000000000        0xc build/default/production/mcc_generated_files/src/tca0.o
 .text.TCA0_IsCMP0InterruptEnabled
                0x0000000000000000        0xc build/default/production/mcc_generated_files/src/tca0.o
 .text.TCA0_ClearCMP1InterruptFlag
                0x0000000000000000        0xc build/default/production/mcc_generated_files/src/tca0.o
 .text.TCA0_IsCMP1InterruptEnabled
                0x0000000000000000        0xc build/default/production/mcc_generated_files/src/tca0.o
 .text.TCA0_ClearCMP2InterruptFlag
                0x0000000000000000        0xc build/default/production/mcc_generated_files/src/tca0.o
 .text.TCA0_IsCMP2InterruptEnabled
                0x0000000000000000        0xc build/default/production/mcc_generated_files/src/tca0.o
 .text          0x0000000000000000        0x0 build/default/production/mcc_generated_files/src/pin_manager.o
 .data          0x0000000000000000        0x0 build/default/production/mcc_generated_files/src/pin_manager.o
 .bss           0x0000000000000000        0x0 build/default/production/mcc_generated_files/src/pin_manager.o
 .text.PORTC_Led_DefaultInterruptHandler
                0x0000000000000000        0x2 build/default/production/mcc_generated_files/src/pin_manager.o
 .text.PORTC_Led_SetInterruptHandler
                0x0000000000000000        0x2 build/default/production/mcc_generated_files/src/pin_manager.o
 .text          0x0000000000000000        0x0 build/default/production/mcc_generated_files/src/cpuint.o
 .data          0x0000000000000000        0x0 build/default/production/mcc_generated_files/src/cpuint.o
 .bss           0x0000000000000000        0x0 build/default/production/mcc_generated_files/src/cpuint.o
 .text          0x0000000000000000        0x0 build/default/production/main.o
 .data          0x0000000000000000        0x0 build/default/production/main.o
 .bss           0x0000000000000000        0x0 build/default/production/main.o
 .text          0x0000000000000000        0x0 build/default/production/mcc_generated_files/src/protected_io.o
 .data          0x0000000000000000        0x0 build/default/production/mcc_generated_files/src/protected_io.o
 .bss           0x0000000000000000        0x0 build/default/production/mcc_generated_files/src/protected_io.o
 .text          0x0000000000000000        0x0 build/default/production/mcc_generated_files/mcc.o
 .data          0x0000000000000000        0x0 build/default/production/mcc_generated_files/mcc.o
 .bss           0x0000000000000000        0x0 build/default/production/mcc_generated_files/mcc.o
 .text          0x0000000000000000        0x0 c:/program files/microchip/xc8/v2.32/avr/bin/../lib/gcc/avr/5.4.0/avrxmega4/memx-const\libgcc.a(_exit.o)
 .data          0x0000000000000000        0x0 c:/program files/microchip/xc8/v2.32/avr/bin/../lib/gcc/avr/5.4.0/avrxmega4/memx-const\libgcc.a(_exit.o)
 .bss           0x0000000000000000        0x0 c:/program files/microchip/xc8/v2.32/avr/bin/../lib/gcc/avr/5.4.0/avrxmega4/memx-const\libgcc.a(_exit.o)
 .text.libgcc.mul
                0x0000000000000000        0x0 c:/program files/microchip/xc8/v2.32/avr/bin/../lib/gcc/avr/5.4.0/avrxmega4/memx-const\libgcc.a(_exit.o)
 .text.libgcc.div
                0x0000000000000000        0x0 c:/program files/microchip/xc8/v2.32/avr/bin/../lib/gcc/avr/5.4.0/avrxmega4/memx-const\libgcc.a(_exit.o)
 .text.libgcc   0x0000000000000000        0x0 c:/program files/microchip/xc8/v2.32/avr/bin/../lib/gcc/avr/5.4.0/avrxmega4/memx-const\libgcc.a(_exit.o)
 .text.libgcc.prologue
                0x0000000000000000        0x0 c:/program files/microchip/xc8/v2.32/avr/bin/../lib/gcc/avr/5.4.0/avrxmega4/memx-const\libgcc.a(_exit.o)
 .stack.descriptors
                0x0000000000000000       0x13 c:/program files/microchip/xc8/v2.32/avr/bin/../lib/gcc/avr/5.4.0/avrxmega4/memx-const\libgcc.a(_exit.o)
 .text.libgcc.builtins
                0x0000000000000000        0x0 c:/program files/microchip/xc8/v2.32/avr/bin/../lib/gcc/avr/5.4.0/avrxmega4/memx-const\libgcc.a(_exit.o)
 .text.libgcc.fmul
                0x0000000000000000        0x0 c:/program files/microchip/xc8/v2.32/avr/bin/../lib/gcc/avr/5.4.0/avrxmega4/memx-const\libgcc.a(_exit.o)
 .text.libgcc.fixed
                0x0000000000000000        0x0 c:/program files/microchip/xc8/v2.32/avr/bin/../lib/gcc/avr/5.4.0/avrxmega4/memx-const\libgcc.a(_exit.o)
 .text          0x0000000000000000        0x0 c:/program files/microchip/xc8/v2.32/avr/bin/../lib/gcc/avr/5.4.0/avrxmega4/memx-const\libgcc.a(_copy_data.o)
 .data          0x0000000000000000        0x0 c:/program files/microchip/xc8/v2.32/avr/bin/../lib/gcc/avr/5.4.0/avrxmega4/memx-const\libgcc.a(_copy_data.o)
 .bss           0x0000000000000000        0x0 c:/program files/microchip/xc8/v2.32/avr/bin/../lib/gcc/avr/5.4.0/avrxmega4/memx-const\libgcc.a(_copy_data.o)
 .text.libgcc.mul
                0x0000000000000000        0x0 c:/program files/microchip/xc8/v2.32/avr/bin/../lib/gcc/avr/5.4.0/avrxmega4/memx-const\libgcc.a(_copy_data.o)
 .text.libgcc.div
                0x0000000000000000        0x0 c:/program files/microchip/xc8/v2.32/avr/bin/../lib/gcc/avr/5.4.0/avrxmega4/memx-const\libgcc.a(_copy_data.o)
 .text.libgcc   0x0000000000000000        0x0 c:/program files/microchip/xc8/v2.32/avr/bin/../lib/gcc/avr/5.4.0/avrxmega4/memx-const\libgcc.a(_copy_data.o)
 .text.libgcc.prologue
                0x0000000000000000        0x0 c:/program files/microchip/xc8/v2.32/avr/bin/../lib/gcc/avr/5.4.0/avrxmega4/memx-const\libgcc.a(_copy_data.o)
 .text.libgcc.builtins
                0x0000000000000000        0x0 c:/program files/microchip/xc8/v2.32/avr/bin/../lib/gcc/avr/5.4.0/avrxmega4/memx-const\libgcc.a(_copy_data.o)
 .text.libgcc.fmul
                0x0000000000000000        0x0 c:/program files/microchip/xc8/v2.32/avr/bin/../lib/gcc/avr/5.4.0/avrxmega4/memx-const\libgcc.a(_copy_data.o)
 .text.libgcc.fixed
                0x0000000000000000        0x0 c:/program files/microchip/xc8/v2.32/avr/bin/../lib/gcc/avr/5.4.0/avrxmega4/memx-const\libgcc.a(_copy_data.o)

Memory Configuration

Name             Origin             Length             Attributes
text             0x0000000000000000 0x0000000000020000 xr
data             0x0000000000804000 0x0000000000004000 rw !x
eeprom           0x0000000000810000 0x0000000000000200 rw !x
fuse             0x0000000000820000 0x0000000000000010 rw !x
lock             0x0000000000830000 0x0000000000000400 rw !x
signature        0x0000000000840000 0x0000000000000400 rw !x
user_signatures  0x0000000000850000 0x0000000000000400 rw !x
*default*        0x0000000000000000 0xffffffffffffffff

Linker script and memory map

Address of section .data set to 0x804000
                0x0000000000008000                __RODATA_PM_OFFSET__ = 0x8000
LOAD C:/Program Files/Microchip/MPLABX/v5.50/packs/Microchip/AVR-Dx_DFP/1.8.112/xc8/avr/lib/avrxmega4/memx-const/crtavr128da48.o
                0x0000000000000001                __MPLAB_BUILD = 0x1
LOAD build/default/production/mcc_generated_files/device_config.o
LOAD build/default/production/mcc_generated_files/src/tca0.o
LOAD build/default/production/mcc_generated_files/src/pin_manager.o
LOAD build/default/production/mcc_generated_files/src/cpuint.o
LOAD build/default/production/main.o
LOAD build/default/production/mcc_generated_files/src/protected_io.o
LOAD build/default/production/mcc_generated_files/mcc.o
START GROUP
LOAD c:/program files/microchip/xc8/v2.32/avr/bin/../lib/gcc/avr/5.4.0/../../../../avr/lib/avrxmega4/memx-const\libm.a
END GROUP
START GROUP
LOAD c:/program files/microchip/xc8/v2.32/avr/bin/../lib/gcc/avr/5.4.0/avrxmega4/memx-const\libgcc.a
LOAD c:/program files/microchip/xc8/v2.32/avr/bin/../lib/gcc/avr/5.4.0/../../../../avr/lib/avrxmega4/memx-const\libm.a
LOAD c:/program files/microchip/xc8/v2.32/avr/bin/../lib/gcc/avr/5.4.0/../../../../avr/lib/avrxmega4/memx-const\libc.a
LOAD C:/Program Files/Microchip/MPLABX/v5.50/packs/Microchip/AVR-Dx_DFP/1.8.112/xc8/avr/lib/avrxmega4/memx-const\libavr128da48.a
END GROUP
                [0x0000000000000000]                __TEXT_REGION_ORIGIN__ = DEFINED (__TEXT_REGION_ORIGIN__)?__TEXT_REGION_ORIGIN__:0x0
                [0x0000000000804000]                __DATA_REGION_ORIGIN__ = DEFINED (__DATA_REGION_ORIGIN__)?__DATA_REGION_ORIGIN__:0x802000
                [0x0000000000020000]                __TEXT_REGION_LENGTH__ = DEFINED (__TEXT_REGION_LENGTH__)?__TEXT_REGION_LENGTH__:0x100000
                [0x0000000000004000]                __DATA_REGION_LENGTH__ = DEFINED (__DATA_REGION_LENGTH__)?__DATA_REGION_LENGTH__:0xffa0
                [0x0000000000000200]                __EEPROM_REGION_LENGTH__ = DEFINED (__EEPROM_REGION_LENGTH__)?__EEPROM_REGION_LENGTH__:0x10000
                [0x0000000000000010]                __FUSE_REGION_LENGTH__ = DEFINED (__FUSE_REGION_LENGTH__)?__FUSE_REGION_LENGTH__:0x400
                0x0000000000000400                __LOCK_REGION_LENGTH__ = DEFINED (__LOCK_REGION_LENGTH__)?__LOCK_REGION_LENGTH__:0x400
                0x0000000000000400                __SIGNATURE_REGION_LENGTH__ = DEFINED (__SIGNATURE_REGION_LENGTH__)?__SIGNATURE_REGION_LENGTH__:0x400
                0x0000000000000400                __USER_SIGNATURE_REGION_LENGTH__ = DEFINED (__USER_SIGNATURE_REGION_LENGTH__)?__USER_SIGNATURE_REGION_LENGTH__:0x400

.hash
 *(.hash)

.dynsym
 *(.dynsym)

.dynstr
 *(.dynstr)

.gnu.version
 *(.gnu.version)

.gnu.version_d
 *(.gnu.version_d)

.gnu.version_r
 *(.gnu.version_r)

.rel.init
 *(.rel.init)

.rela.init
 *(.rela.init)

.rel.text
 *(.rel.text)
 *(.rel.text.*)
 *(.rel.gnu.linkonce.t*)

.rela.text
 *(.rela.text)
 *(.rela.text.*)
 *(.rela.gnu.linkonce.t*)

.rel.fini
 *(.rel.fini)

.rela.fini
 *(.rela.fini)

.rel.rodata
 *(.rel.rodata)
 *(.rel.rodata.*)
 *(.rel.gnu.linkonce.r*)

.rela.rodata
 *(.rela.rodata)
 *(.rela.rodata.*)
 *(.rela.gnu.linkonce.r*)

.rel.data
 *(.rel.data)
 *(.rel.data.*)
 *(.rel.gnu.linkonce.d*)

.rela.data
 *(.rela.data)
 *(.rela.data.*)
 *(.rela.gnu.linkonce.d*)

.rel.ctors
 *(.rel.ctors)

.rela.ctors
 *(.rela.ctors)

.rel.dtors
 *(.rel.dtors)

.rela.dtors
 *(.rela.dtors)

.rel.got
 *(.rel.got)

.rela.got
 *(.rela.got)

.rel.bss
 *(.rel.bss)

.rela.bss
 *(.rela.bss)

.rel.plt
 *(.rel.plt)

.rela.plt
 *(.rela.plt)

.text           0x0000000000000000      0x148
 *(.vectors)
 .vectors       0x0000000000000000       0xe8 C:/Program Files/Microchip/MPLABX/v5.50/packs/Microchip/AVR-Dx_DFP/1.8.112/xc8/avr/lib/avrxmega4/memx-const/crtavr128da48.o
                0x0000000000000000                __vector_default
                0x0000000000000000                __vectors
 *(.vectors)
 *(.progmem.gcc*)
 *(.dinit)
 .dinit         0x00000000000000e8        0x7 data_init
                0x00000000000000f0                . = ALIGN (0x2)
 *fill*         0x00000000000000ef        0x1 
                0x00000000000000f0                __trampolines_start = .
 *(.trampolines)
 .trampolines   0x00000000000000f0        0x0 linker stubs
 *(.trampolines*)
                0x00000000000000f0                __trampolines_end = .
 *libprintf_flt.a:*(.progmem.data)
 *libc.a:*(.progmem.data)
                0x00000000000000f0                . = ALIGN (0x2)
 *(.jumptables)
 *(.jumptables*)
 *(.lowtext)
 *(.lowtext*)
                0x00000000000000f0                __ctors_start = .
 *(.ctors)
                0x00000000000000f0                __ctors_end = .
                0x00000000000000f0                __dtors_start = .
 *(.dtors)
                0x00000000000000f0                __dtors_end = .
 SORT(*)(.ctors)
 SORT(*)(.dtors)
 *(.init0)
 .init0         0x00000000000000f0        0x0 C:/Program Files/Microchip/MPLABX/v5.50/packs/Microchip/AVR-Dx_DFP/1.8.112/xc8/avr/lib/avrxmega4/memx-const/crtavr128da48.o
                0x00000000000000f0                __init
 *(.init0)
 *(.init1)
 *(.init1)
 *(.init2)
 .init2         0x00000000000000f0        0xc C:/Program Files/Microchip/MPLABX/v5.50/packs/Microchip/AVR-Dx_DFP/1.8.112/xc8/avr/lib/avrxmega4/memx-const/crtavr128da48.o
 *(.init2)
 *(.init3)
 *(.init3)
 *(.init4)
 .init4         0x00000000000000fc       0x40 c:/program files/microchip/xc8/v2.32/avr/bin/../lib/gcc/avr/5.4.0/avrxmega4/memx-const\libgcc.a(_copy_data.o)
                0x00000000000000fc                __do_copy_data
                0x000000000000012e                __do_clear_bss
 *(.init4)
 *(.init5)
 *(.init5)
 *(.init6)
 *(.init6)
 *(.init7)
 *(.init7)
 *(.init8)
 *(.init8)
 *(.init9)
 .init9         0x000000000000013c        0x8 C:/Program Files/Microchip/MPLABX/v5.50/packs/Microchip/AVR-Dx_DFP/1.8.112/xc8/avr/lib/avrxmega4/memx-const/crtavr128da48.o
 *(.init9)
                0x0000000000000144                . = ALIGN (0x2)
 *(.fini9)
 .fini9         0x0000000000000144        0x0 c:/program files/microchip/xc8/v2.32/avr/bin/../lib/gcc/avr/5.4.0/avrxmega4/memx-const\libgcc.a(_exit.o)
                0x0000000000000144                _exit
                0x0000000000000144                exit
 *(.fini9)
 *(.fini8)
 *(.fini8)
 *(.fini7)
 *(.fini7)
 *(.fini6)
 *(.fini6)
 *(.fini5)
 *(.fini5)
 *(.fini4)
 *(.fini4)
 *(.fini3)
 *(.fini3)
 *(.fini2)
 *(.fini2)
 *(.fini1)
 *(.fini1)
 *(.fini0)
 .fini0         0x0000000000000144        0x4 c:/program files/microchip/xc8/v2.32/avr/bin/../lib/gcc/avr/5.4.0/avrxmega4/memx-const\libgcc.a(_exit.o)
 *(.fini0)
                0x0000000000000148                _etext = .

.data           0x0000000000804000        0x0 load address 0x0000000000000148
                [!provide]                        PROVIDE (__data_start, .)
 *(.gnu.linkonce.d*)
 *(.gnu.linkonce.r*)
                0x0000000000804000                . = ALIGN (0x2)
                0x0000000000804000                _edata = .
                [!provide]                        PROVIDE (__data_end, .)

.bss            0x0000000000804000        0x0
                [!provide]                        PROVIDE (__bss_start, .)
 *(COMMON)
                [!provide]                        PROVIDE (__bss_end, .)
                0x0000000000000148                __data_load_start = LOADADDR (.data)
                0x0000000000000148                __data_load_end = (__data_load_start + SIZEOF (.data))

.noinit         0x0000000000804000        0x0
                [!provide]                        PROVIDE (__noinit_start, .)
 *(.noinit*)
                [!provide]                        PROVIDE (__noinit_end, .)
                0x0000000000804000                _end = .

.eeprom         0x0000000000810000        0x0
 *(.eeprom*)
                0x0000000000810000                __eeprom_end = .

.fuse           0x0000000000820000        0x9
 *(.fuse)
 .fuse          0x0000000000820000        0x9 build/default/production/mcc_generated_files/device_config.o
                0x0000000000820000                __fuse
 *(.lfuse)
 *(.hfuse)
 *(.efuse)

.lock
 *(.lock*)

.signature
 *(.signature*)

.user_signatures
 *(.user_signatures*)

.stab
 *(.stab)

.stabstr
 *(.stabstr)

.stab.excl
 *(.stab.excl)

.stab.exclstr
 *(.stab.exclstr)

.stab.index
 *(.stab.index)

.stab.indexstr
 *(.stab.indexstr)

.comment        0x0000000000000000       0x2f
 *(.comment)
 .comment       0x0000000000000000       0x2f build/default/production/mcc_generated_files/device_config.o
                                         0x30 (size before relaxing)
 .comment       0x000000000000002f       0x30 build/default/production/mcc_generated_files/src/tca0.o
 .comment       0x000000000000002f       0x30 build/default/production/mcc_generated_files/src/pin_manager.o
 .comment       0x000000000000002f       0x30 build/default/production/mcc_generated_files/src/cpuint.o
 .comment       0x000000000000002f       0x30 build/default/production/main.o
 .comment       0x000000000000002f       0x30 build/default/production/mcc_generated_files/mcc.o

.stack.descriptors.hdr
                0x0000000000000000        0xe
 .stack.descriptors.hdr
                0x0000000000000000        0xe c:/program files/microchip/xc8/v2.32/avr/bin/../lib/gcc/avr/5.4.0/avrxmega4/memx-const\libgcc.a(_exit.o)

.note.gnu.build-id
 *(.note.gnu.build-id)

.debug
 *(.debug)

.line
 *(.line)

.debug_srcinfo
 *(.debug_srcinfo)

.debug_sfnames
 *(.debug_sfnames)

.debug_aranges  0x0000000000000000      0x1e0
 *(.debug_aranges)
 .debug_aranges
                0x0000000000000000       0x18 build/default/production/mcc_generated_files/device_config.o
 .debug_aranges
                0x0000000000000018       0xe0 build/default/production/mcc_generated_files/src/tca0.o
 .debug_aranges
                0x00000000000000f8       0x38 build/default/production/mcc_generated_files/src/pin_manager.o
 .debug_aranges
                0x0000000000000130       0x20 build/default/production/mcc_generated_files/src/cpuint.o
 .debug_aranges
                0x0000000000000150       0x28 build/default/production/main.o
 .debug_aranges
                0x0000000000000178       0x20 build/default/production/mcc_generated_files/src/protected_io.o
 .debug_aranges
                0x0000000000000198       0x48 build/default/production/mcc_generated_files/mcc.o

.debug_pubnames
 *(.debug_pubnames)

.debug_info     0x0000000000000000     0x59ed
 *(.debug_info .gnu.linkonce.wi.*)
 .debug_info    0x0000000000000000     0x2c24 C:/Program Files/Microchip/MPLABX/v5.50/packs/Microchip/AVR-Dx_DFP/1.8.112/xc8/avr/lib/avrxmega4/memx-const/crtavr128da48.o
 .debug_info    0x0000000000002c24      0x81d build/default/production/mcc_generated_files/device_config.o
 .debug_info    0x0000000000003441      0xe12 build/default/production/mcc_generated_files/src/tca0.o
 .debug_info    0x0000000000004253      0x734 build/default/production/mcc_generated_files/src/pin_manager.o
 .debug_info    0x0000000000004987      0x3b4 build/default/production/mcc_generated_files/src/cpuint.o
 .debug_info    0x0000000000004d3b      0x2b2 build/default/production/main.o
 .debug_info    0x0000000000004fed       0x6f build/default/production/mcc_generated_files/src/protected_io.o
 .debug_info    0x000000000000505c      0x991 build/default/production/mcc_generated_files/mcc.o

.debug_abbrev   0x0000000000000000     0x308b
 *(.debug_abbrev)
 .debug_abbrev  0x0000000000000000     0x29ce C:/Program Files/Microchip/MPLABX/v5.50/packs/Microchip/AVR-Dx_DFP/1.8.112/xc8/avr/lib/avrxmega4/memx-const/crtavr128da48.o
 .debug_abbrev  0x00000000000029ce       0x97 build/default/production/mcc_generated_files/device_config.o
 .debug_abbrev  0x0000000000002a65      0x19e build/default/production/mcc_generated_files/src/tca0.o
 .debug_abbrev  0x0000000000002c03      0x160 build/default/production/mcc_generated_files/src/pin_manager.o
 .debug_abbrev  0x0000000000002d63       0xfa build/default/production/mcc_generated_files/src/cpuint.o
 .debug_abbrev  0x0000000000002e5d       0xb1 build/default/production/main.o
 .debug_abbrev  0x0000000000002f0e       0x14 build/default/production/mcc_generated_files/src/protected_io.o
 .debug_abbrev  0x0000000000002f22      0x169 build/default/production/mcc_generated_files/mcc.o

.debug_line     0x0000000000000000     0x1005
 *(.debug_line .debug_line.* .debug_line_end)
 .debug_line    0x0000000000000000      0x1f6 C:/Program Files/Microchip/MPLABX/v5.50/packs/Microchip/AVR-Dx_DFP/1.8.112/xc8/avr/lib/avrxmega4/memx-const/crtavr128da48.o
 .debug_line    0x00000000000001f6       0xf3 build/default/production/mcc_generated_files/device_config.o
 .debug_line    0x00000000000002e9      0x410 build/default/production/mcc_generated_files/src/tca0.o
 .debug_line    0x00000000000006f9      0x402 build/default/production/mcc_generated_files/src/pin_manager.o
 .debug_line    0x0000000000000afb      0x18e build/default/production/mcc_generated_files/src/cpuint.o
 .debug_line    0x0000000000000c89       0xba build/default/production/main.o
 .debug_line    0x0000000000000d43       0x6c build/default/production/mcc_generated_files/src/protected_io.o
 .debug_line    0x0000000000000daf      0x256 build/default/production/mcc_generated_files/mcc.o

.debug_frame    0x0000000000000000      0x400
 *(.debug_frame)
 .debug_frame   0x0000000000000000      0x2c4 build/default/production/mcc_generated_files/src/tca0.o
 .debug_frame   0x00000000000002c4       0x60 build/default/production/mcc_generated_files/src/pin_manager.o
 .debug_frame   0x0000000000000324       0x24 build/default/production/mcc_generated_files/src/cpuint.o
 .debug_frame   0x0000000000000348       0x34 build/default/production/main.o
 .debug_frame   0x000000000000037c       0x84 build/default/production/mcc_generated_files/mcc.o

.debug_str      0x0000000000000000     0x1420
 *(.debug_str)
 .debug_str     0x0000000000000000     0x1320 C:/Program Files/Microchip/MPLABX/v5.50/packs/Microchip/AVR-Dx_DFP/1.8.112/xc8/avr/lib/avrxmega4/memx-const/crtavr128da48.o
 .debug_str     0x0000000000001320        0x0 build/default/production/mcc_generated_files/device_config.o
 .debug_str     0x0000000000001320       0x52 build/default/production/mcc_generated_files/src/tca0.o
 .debug_str     0x0000000000001372        0xb build/default/production/mcc_generated_files/src/pin_manager.o
 .debug_str     0x000000000000137d       0x13 build/default/production/mcc_generated_files/src/cpuint.o
 .debug_str     0x0000000000001390       0x2e build/default/production/main.o
 .debug_str     0x00000000000013be       0x62 build/default/production/mcc_generated_files/mcc.o

.debug_loc      0x0000000000000000      0x23d
 *(.debug_loc)
 .debug_loc     0x0000000000000000       0x78 build/default/production/mcc_generated_files/src/pin_manager.o
 .debug_loc     0x0000000000000078       0x2a build/default/production/mcc_generated_files/src/cpuint.o
 .debug_loc     0x00000000000000a2      0x19b build/default/production/mcc_generated_files/mcc.o

.debug_macinfo
 *(.debug_macinfo)

.debug_weaknames
 *(.debug_weaknames)

.debug_funcnames
 *(.debug_funcnames)

.debug_typenames
 *(.debug_typenames)

.debug_varnames
 *(.debug_varnames)

.debug_pubtypes
 *(.debug_pubtypes)

.debug_ranges   0x0000000000000000      0x158
 *(.debug_ranges)
 .debug_ranges  0x0000000000000000       0xd0 build/default/production/mcc_generated_files/src/tca0.o
 .debug_ranges  0x00000000000000d0       0x28 build/default/production/mcc_generated_files/src/pin_manager.o
 .debug_ranges  0x00000000000000f8       0x10 build/default/production/mcc_generated_files/src/cpuint.o
 .debug_ranges  0x0000000000000108       0x18 build/default/production/main.o
 .debug_ranges  0x0000000000000120       0x38 build/default/production/mcc_generated_files/mcc.o

.debug_macro
 *(.debug_macro)
OUTPUT(dist/default/production/mcc-TIMERA.X.production.elf elf32-avr)
LOAD linker stubs
LOAD data_init

.note.gnu.avr.deviceinfo
                0x0000000000000000       0x40
 .note.gnu.avr.deviceinfo
                0x0000000000000000       0x40 C:/Program Files/Microchip/MPLABX/v5.50/packs/Microchip/AVR-Dx_DFP/1.8.112/xc8/avr/lib/avrxmega4/memx-const/crtavr128da48.o

.text.PIN_MANAGER_Initialize
                0x0000000000000148      0x13c
 .text.PIN_MANAGER_Initialize
                0x0000000000000148      0x13c build/default/production/mcc_generated_files/src/pin_manager.o
                0x0000000000000148                PIN_MANAGER_Initialize

.text.PORT_Initialize
                0x0000000000000284       0x6e
 .text.PORT_Initialize
                0x0000000000000284       0x6e build/default/production/mcc_generated_files/src/pin_manager.o
                0x0000000000000284                PORT_Initialize

.text.__vector_9
                0x00000000000002f2       0x60
 .text.__vector_9
                0x00000000000002f2       0x60 build/default/production/mcc_generated_files/src/tca0.o
                0x00000000000002f2                __vector_9

.text.__vector_10
                0x0000000000000352       0x60
 .text.__vector_10
                0x0000000000000352       0x60 build/default/production/mcc_generated_files/src/tca0.o
                0x0000000000000352                __vector_10

.text.__vector_11
                0x00000000000003b2       0x60
 .text.__vector_11
                0x00000000000003b2       0x60 build/default/production/mcc_generated_files/src/tca0.o
                0x00000000000003b2                __vector_11

.text.__vector_7
                0x0000000000000412       0x60
 .text.__vector_7
                0x0000000000000412       0x60 build/default/production/mcc_generated_files/src/tca0.o
                0x0000000000000412                __vector_7

.text.CLKCTRL_Initialize
                0x0000000000000472       0x58
 .text.CLKCTRL_Initialize
                0x0000000000000472       0x58 build/default/production/mcc_generated_files/mcc.o
                0x0000000000000472                CLKCTRL_Initialize

.text.TCA0_Initialize
                0x00000000000004ca       0x42
 .text.TCA0_Initialize
                0x00000000000004ca       0x42 build/default/production/mcc_generated_files/src/tca0.o
                0x00000000000004ca                TCA0_Initialize

.text.__vector_2
                0x000000000000050c       0x1e
 .text.__vector_2
                0x000000000000050c       0x1e build/default/production/mcc_generated_files/mcc.o
                0x000000000000050c                __vector_2

.text.SYSTEM_Initialize
                0x000000000000052a       0x1e
 .text.SYSTEM_Initialize
                0x000000000000052a       0x1e build/default/production/mcc_generated_files/mcc.o
                0x000000000000052a                SYSTEM_Initialize

.text.CPUINT_Initialize
                0x0000000000000548       0x1a
 .text.CPUINT_Initialize
                0x0000000000000548       0x1a build/default/production/mcc_generated_files/src/cpuint.o
                0x0000000000000548                CPUINT_Initialize

.text.BOD_Initialize
                0x0000000000000562       0x18
 .text.BOD_Initialize
                0x0000000000000562       0x18 build/default/production/mcc_generated_files/mcc.o
                0x0000000000000562                BOD_Initialize

.text.main      0x000000000000057a       0x10
 .text.main     0x000000000000057a       0x10 build/default/production/main.o
                0x000000000000057a                main

.text.SLPCTRL_Initialize
                0x000000000000058a       0x10
 .text.SLPCTRL_Initialize
                0x000000000000058a       0x10 build/default/production/mcc_generated_files/mcc.o
                0x000000000000058a                SLPCTRL_Initialize

.text.WDT_Initialize
                0x000000000000059a       0x10
 .text.WDT_Initialize
                0x000000000000059a       0x10 build/default/production/mcc_generated_files/mcc.o
                0x000000000000059a                WDT_Initialize

.text.protected_write_io
                0x00000000000005aa        0xa
 .text.protected_write_io
                0x00000000000005aa        0xa build/default/production/mcc_generated_files/src/protected_io.o
                0x00000000000005aa                protected_write_io

.text.Pisca_led
                0x00000000000005b4        0x8
 .text.Pisca_led
                0x00000000000005b4        0x8 build/default/production/main.o
                0x00000000000005b4                Pisca_led

.text           0x00000000000005bc        0x4
 .text          0x00000000000005bc        0x4 C:/Program Files/Microchip/MPLABX/v5.50/packs/Microchip/AVR-Dx_DFP/1.8.112/xc8/avr/lib/avrxmega4/memx-const/crtavr128da48.o
                0x00000000000005bc                __vector_38
                0x00000000000005bc                __vector_22
                0x00000000000005bc                __vector_28
                0x00000000000005bc                __vector_1
                0x00000000000005bc                __vector_32
                0x00000000000005bc                __vector_34
                0x00000000000005bc                __vector_24
                0x00000000000005bc                __vector_12
                0x00000000000005bc                __vector_55
                0x00000000000005bc                __vector_46
                0x00000000000005bc                __bad_interrupt
                0x00000000000005bc                __vector_6
                0x00000000000005bc                __vector_31
                0x00000000000005bc                __vector_35
                0x00000000000005bc                __vector_39
                0x00000000000005bc                __vector_3
                0x00000000000005bc                __vector_23
                0x00000000000005bc                __vector_30
                0x00000000000005bc                __vector_45
                0x00000000000005bc                __vector_25
                0x00000000000005bc                __vector_54
                0x00000000000005bc                __vector_13
                0x00000000000005bc                __vector_17
                0x00000000000005bc                __vector_19
                0x00000000000005bc                __vector_56
                0x00000000000005bc                __vector_49
                0x00000000000005bc                __vector_41
                0x00000000000005bc                __vector_43
                0x00000000000005bc                __vector_27
                0x00000000000005bc                __vector_5
                0x00000000000005bc                __vector_33
                0x00000000000005bc                __vector_47
                0x00000000000005bc                __vector_52
                0x00000000000005bc                __vector_37
                0x00000000000005bc                __vector_4
                0x00000000000005bc                __vector_44
                0x00000000000005bc                __vector_51
                0x00000000000005bc                __vector_21
                0x00000000000005bc                __vector_15
                0x00000000000005bc                __vector_36
                0x00000000000005bc                __vector_29
                0x00000000000005bc                __vector_40
                0x00000000000005bc                __vector_8
                0x00000000000005bc                __vector_26
                0x00000000000005bc                __vector_48
                0x00000000000005bc                __vector_14
                0x00000000000005bc                __vector_57
                0x00000000000005bc                __vector_53
                0x00000000000005bc                __vector_50
                0x00000000000005bc                __vector_16
                0x00000000000005bc                __vector_18
                0x00000000000005bc                __vector_20
                0x00000000000005bc                __vector_42

.text.TCA0_DefaultCMP0IsrCallback
                0x00000000000005c0        0x2
 .text.TCA0_DefaultCMP0IsrCallback
                0x00000000000005c0        0x2 build/default/production/mcc_generated_files/src/tca0.o
                0x00000000000005c0                TCA0_DefaultCMP0IsrCallback

.text.TCA0_DefaultCMP1IsrCallback
                0x00000000000005c2        0x2
 .text.TCA0_DefaultCMP1IsrCallback
                0x00000000000005c2        0x2 build/default/production/mcc_generated_files/src/tca0.o
                0x00000000000005c2                TCA0_DefaultCMP1IsrCallback

.text.TCA0_DefaultCMP2IsrCallback
                0x00000000000005c4        0x2
 .text.TCA0_DefaultCMP2IsrCallback
                0x00000000000005c4        0x2 build/default/production/mcc_generated_files/src/tca0.o
                0x00000000000005c4                TCA0_DefaultCMP2IsrCallback

.text.TCA0_DefaultOVFIsrCallback
                0x00000000000005c6        0x2
 .text.TCA0_DefaultOVFIsrCallback
                0x00000000000005c6        0x2 build/default/production/mcc_generated_files/src/tca0.o
                0x00000000000005c6                TCA0_DefaultOVFIsrCallback

.data.TCA0_OVF_isr_cb
                0x0000000000804000        0x2 load address 0x00000000000005c8
 .data.TCA0_OVF_isr_cb
                0x0000000000804000        0x2 build/default/production/mcc_generated_files/src/tca0.o
                0x0000000000804000                TCA0_OVF_isr_cb

.data.TCA0_CMP2_isr_cb
                0x0000000000804002        0x2 load address 0x00000000000005ca
 .data.TCA0_CMP2_isr_cb
                0x0000000000804002        0x2 build/default/production/mcc_generated_files/src/tca0.o
                0x0000000000804002                TCA0_CMP2_isr_cb

.data.TCA0_CMP1_isr_cb
                0x0000000000804004        0x2 load address 0x00000000000005cc
 .data.TCA0_CMP1_isr_cb
                0x0000000000804004        0x2 build/default/production/mcc_generated_files/src/tca0.o
                0x0000000000804004                TCA0_CMP1_isr_cb

.data.TCA0_CMP0_isr_cb
                0x0000000000804006        0x2 load address 0x00000000000005ce
 .data.TCA0_CMP0_isr_cb
                0x0000000000804006        0x2 build/default/production/mcc_generated_files/src/tca0.o
                0x0000000000804006                TCA0_CMP0_isr_cb
