Archive member included to satisfy reference by file (symbol)

c:/program files/microchip/xc8/v2.32/avr/bin/../lib/gcc/avr/5.4.0/avrxmega4/memx-const\libgcc.a(_exit.o)
                              C:/Program Files/Microchip/MPLABX/v5.50/packs/Microchip/AVR-Dx_DFP/1.8.112/xc8/avr/lib/avrxmega4/memx-const/crtavr128da48.o (exit)
c:/program files/microchip/xc8/v2.32/avr/bin/../lib/gcc/avr/5.4.0/avrxmega4/memx-const\libgcc.a(_copy_data.o)
                              build/default/production/mcc_generated_files/src/tca0.o (__do_copy_data)

Discarded input sections

 .data          0x0000000000000000        0x0 C:/Program Files/Microchip/MPLABX/v5.50/packs/Microchip/AVR-Dx_DFP/1.8.112/xc8/avr/lib/avrxmega4/memx-const/crtavr128da48.o
 .bss           0x0000000000000000        0x0 C:/Program Files/Microchip/MPLABX/v5.50/packs/Microchip/AVR-Dx_DFP/1.8.112/xc8/avr/lib/avrxmega4/memx-const/crtavr128da48.o
 .text          0x0000000000000000        0x0 build/default/production/mcc_generated_files/src/protected_io.o
 .data          0x0000000000000000        0x0 build/default/production/mcc_generated_files/src/protected_io.o
 .bss           0x0000000000000000        0x0 build/default/production/mcc_generated_files/src/protected_io.o
 .text          0x0000000000000000        0x0 build/default/production/mcc_generated_files/src/cpuint.o
 .data          0x0000000000000000        0x0 build/default/production/mcc_generated_files/src/cpuint.o
 .bss           0x0000000000000000        0x0 build/default/production/mcc_generated_files/src/cpuint.o
 .text          0x0000000000000000        0x0 build/default/production/mcc_generated_files/src/tca0.o
 .data          0x0000000000000000        0x0 build/default/production/mcc_generated_files/src/tca0.o
 .bss           0x0000000000000000        0x0 build/default/production/mcc_generated_files/src/tca0.o
 .text.TCA0_SetTimer1IsrCallback
                0x0000000000000000        0xa build/default/production/mcc_generated_files/src/tca0.o
 .text.TCA0_SetLCMP0IsrCallback
                0x0000000000000000        0xa build/default/production/mcc_generated_files/src/tca0.o
 .text.TCA0_SetLCMP1IsrCallback
                0x0000000000000000        0xa build/default/production/mcc_generated_files/src/tca0.o
 .text.TCA0_SetLCMP2IsrCallback
                0x0000000000000000        0xa build/default/production/mcc_generated_files/src/tca0.o
 .text.TCA0_SetTimer2IsrCallback
                0x0000000000000000        0xa build/default/production/mcc_generated_files/src/tca0.o
 .text.TCA0_WriteTimer2
                0x0000000000000000        0x6 build/default/production/mcc_generated_files/src/tca0.o
 .text.TCA0_ReadTimer2
                0x0000000000000000        0x6 build/default/production/mcc_generated_files/src/tca0.o
 .text.TCA0_WriteTimer1
                0x0000000000000000        0x6 build/default/production/mcc_generated_files/src/tca0.o
 .text.TCA0_ReadTimer1
                0x0000000000000000        0x6 build/default/production/mcc_generated_files/src/tca0.o
 .text.TCA0_EnableInterrupt
                0x0000000000000000        0x8 build/default/production/mcc_generated_files/src/tca0.o
 .text.TCA0_DisableInterrupt
                0x0000000000000000        0x6 build/default/production/mcc_generated_files/src/tca0.o
 .text.TCA0_ClearHUNFInterruptFlag
                0x0000000000000000        0xc build/default/production/mcc_generated_files/src/tca0.o
 .text.TCA0_IsHUNFInterruptEnabled
                0x0000000000000000        0xc build/default/production/mcc_generated_files/src/tca0.o
 .text.TCA0_ClearLUNFInterruptFlag
                0x0000000000000000        0xc build/default/production/mcc_generated_files/src/tca0.o
 .text.TCA0_IsLUNFInterruptEnabled
                0x0000000000000000        0xc build/default/production/mcc_generated_files/src/tca0.o
 .text.TCA0_ClearLCMP0InterruptFlag
                0x0000000000000000        0xc build/default/production/mcc_generated_files/src/tca0.o
 .text.TCA0_IsLCMP0InterruptEnabled
                0x0000000000000000        0xc build/default/production/mcc_generated_files/src/tca0.o
 .text.TCA0_ClearLCMP1InterruptFlag
                0x0000000000000000        0xc build/default/production/mcc_generated_files/src/tca0.o
 .text.TCA0_IsLCMP1InterruptEnabled
                0x0000000000000000        0xc build/default/production/mcc_generated_files/src/tca0.o
 .text.TCA0_ClearLCMP2InterruptFlag
                0x0000000000000000        0xc build/default/production/mcc_generated_files/src/tca0.o
 .text.TCA0_IsLCMP2InterruptEnabled
                0x0000000000000000        0xc build/default/production/mcc_generated_files/src/tca0.o
 .text          0x0000000000000000        0x0 build/default/production/mcc_generated_files/src/pin_manager.o
 .data          0x0000000000000000        0x0 build/default/production/mcc_generated_files/src/pin_manager.o
 .bss           0x0000000000000000        0x0 build/default/production/mcc_generated_files/src/pin_manager.o
 .text.PORTA_PA2_DefaultInterruptHandler
                0x0000000000000000        0x2 build/default/production/mcc_generated_files/src/pin_manager.o
 .text.PORTA_PA1_DefaultInterruptHandler
                0x0000000000000000        0x2 build/default/production/mcc_generated_files/src/pin_manager.o
 .text.PORTA_PA4_DefaultInterruptHandler
                0x0000000000000000        0x2 build/default/production/mcc_generated_files/src/pin_manager.o
 .text.PORTA_PA3_DefaultInterruptHandler
                0x0000000000000000        0x2 build/default/production/mcc_generated_files/src/pin_manager.o
 .text.PORTA_PA5_DefaultInterruptHandler
                0x0000000000000000        0x2 build/default/production/mcc_generated_files/src/pin_manager.o
 .text.PORTA_PA0_DefaultInterruptHandler
                0x0000000000000000        0x2 build/default/production/mcc_generated_files/src/pin_manager.o
 .text.PORTA_PA2_SetInterruptHandler
                0x0000000000000000        0x2 build/default/production/mcc_generated_files/src/pin_manager.o
 .text.PORTA_PA1_SetInterruptHandler
                0x0000000000000000        0x2 build/default/production/mcc_generated_files/src/pin_manager.o
 .text.PORTA_PA4_SetInterruptHandler
                0x0000000000000000        0x2 build/default/production/mcc_generated_files/src/pin_manager.o
 .text.PORTA_PA3_SetInterruptHandler
                0x0000000000000000        0x2 build/default/production/mcc_generated_files/src/pin_manager.o
 .text.PORTA_PA5_SetInterruptHandler
                0x0000000000000000        0x2 build/default/production/mcc_generated_files/src/pin_manager.o
 .text.PORTA_PA0_SetInterruptHandler
                0x0000000000000000        0x2 build/default/production/mcc_generated_files/src/pin_manager.o
 .text          0x0000000000000000        0x0 build/default/production/mcc_generated_files/delay.o
 .data          0x0000000000000000        0x0 build/default/production/mcc_generated_files/delay.o
 .bss           0x0000000000000000        0x0 build/default/production/mcc_generated_files/delay.o
 .text.DELAY_milliseconds
                0x0000000000000000       0x12 build/default/production/mcc_generated_files/delay.o
 .text.DELAY_microseconds
                0x0000000000000000       0x24 build/default/production/mcc_generated_files/delay.o
 .debug_info    0x0000000000000000      0x40b build/default/production/mcc_generated_files/delay.o
 .debug_abbrev  0x0000000000000000      0x11e build/default/production/mcc_generated_files/delay.o
 .debug_loc     0x0000000000000000      0x15b build/default/production/mcc_generated_files/delay.o
 .debug_aranges
                0x0000000000000000       0x28 build/default/production/mcc_generated_files/delay.o
 .debug_ranges  0x0000000000000000       0x18 build/default/production/mcc_generated_files/delay.o
 .debug_line    0x0000000000000000      0x12d build/default/production/mcc_generated_files/delay.o
 .debug_str     0x0000000000000000       0x26 build/default/production/mcc_generated_files/delay.o
 .comment       0x0000000000000000       0x30 build/default/production/mcc_generated_files/delay.o
 .debug_frame   0x0000000000000000       0x34 build/default/production/mcc_generated_files/delay.o
 .text          0x0000000000000000        0x0 build/default/production/mcc_generated_files/mcc.o
 .data          0x0000000000000000        0x0 build/default/production/mcc_generated_files/mcc.o
 .bss           0x0000000000000000        0x0 build/default/production/mcc_generated_files/mcc.o
 .text          0x0000000000000000        0x0 build/default/production/mcc_generated_files/device_config.o
 .data          0x0000000000000000        0x0 build/default/production/mcc_generated_files/device_config.o
 .bss           0x0000000000000000        0x0 build/default/production/mcc_generated_files/device_config.o
 .text          0x0000000000000000        0x0 build/default/production/main.o
 .data          0x0000000000000000        0x0 build/default/production/main.o
 .bss           0x0000000000000000        0x0 build/default/production/main.o
 .text          0x0000000000000000        0x0 c:/program files/microchip/xc8/v2.32/avr/bin/../lib/gcc/avr/5.4.0/avrxmega4/memx-const\libgcc.a(_exit.o)
 .data          0x0000000000000000        0x0 c:/program files/microchip/xc8/v2.32/avr/bin/../lib/gcc/avr/5.4.0/avrxmega4/memx-const\libgcc.a(_exit.o)
 .bss           0x0000000000000000        0x0 c:/program files/microchip/xc8/v2.32/avr/bin/../lib/gcc/avr/5.4.0/avrxmega4/memx-const\libgcc.a(_exit.o)
 .text.libgcc.mul
                0x0000000000000000        0x0 c:/program files/microchip/xc8/v2.32/avr/bin/../lib/gcc/avr/5.4.0/avrxmega4/memx-const\libgcc.a(_exit.o)
 .text.libgcc.div
                0x0000000000000000        0x0 c:/program files/microchip/xc8/v2.32/avr/bin/../lib/gcc/avr/5.4.0/avrxmega4/memx-const\libgcc.a(_exit.o)
 .text.libgcc   0x0000000000000000        0x0 c:/program files/microchip/xc8/v2.32/avr/bin/../lib/gcc/avr/5.4.0/avrxmega4/memx-const\libgcc.a(_exit.o)
 .text.libgcc.prologue
                0x0000000000000000        0x0 c:/program files/microchip/xc8/v2.32/avr/bin/../lib/gcc/avr/5.4.0/avrxmega4/memx-const\libgcc.a(_exit.o)
 .stack.descriptors
                0x0000000000000000       0x13 c:/program files/microchip/xc8/v2.32/avr/bin/../lib/gcc/avr/5.4.0/avrxmega4/memx-const\libgcc.a(_exit.o)
 .text.libgcc.builtins
                0x0000000000000000        0x0 c:/program files/microchip/xc8/v2.32/avr/bin/../lib/gcc/avr/5.4.0/avrxmega4/memx-const\libgcc.a(_exit.o)
 .text.libgcc.fmul
                0x0000000000000000        0x0 c:/program files/microchip/xc8/v2.32/avr/bin/../lib/gcc/avr/5.4.0/avrxmega4/memx-const\libgcc.a(_exit.o)
 .text.libgcc.fixed
                0x0000000000000000        0x0 c:/program files/microchip/xc8/v2.32/avr/bin/../lib/gcc/avr/5.4.0/avrxmega4/memx-const\libgcc.a(_exit.o)
 .text          0x0000000000000000        0x0 c:/program files/microchip/xc8/v2.32/avr/bin/../lib/gcc/avr/5.4.0/avrxmega4/memx-const\libgcc.a(_copy_data.o)
 .data          0x0000000000000000        0x0 c:/program files/microchip/xc8/v2.32/avr/bin/../lib/gcc/avr/5.4.0/avrxmega4/memx-const\libgcc.a(_copy_data.o)
 .bss           0x0000000000000000        0x0 c:/program files/microchip/xc8/v2.32/avr/bin/../lib/gcc/avr/5.4.0/avrxmega4/memx-const\libgcc.a(_copy_data.o)
 .text.libgcc.mul
                0x0000000000000000        0x0 c:/program files/microchip/xc8/v2.32/avr/bin/../lib/gcc/avr/5.4.0/avrxmega4/memx-const\libgcc.a(_copy_data.o)
 .text.libgcc.div
                0x0000000000000000        0x0 c:/program files/microchip/xc8/v2.32/avr/bin/../lib/gcc/avr/5.4.0/avrxmega4/memx-const\libgcc.a(_copy_data.o)
 .text.libgcc   0x0000000000000000        0x0 c:/program files/microchip/xc8/v2.32/avr/bin/../lib/gcc/avr/5.4.0/avrxmega4/memx-const\libgcc.a(_copy_data.o)
 .text.libgcc.prologue
                0x0000000000000000        0x0 c:/program files/microchip/xc8/v2.32/avr/bin/../lib/gcc/avr/5.4.0/avrxmega4/memx-const\libgcc.a(_copy_data.o)
 .text.libgcc.builtins
                0x0000000000000000        0x0 c:/program files/microchip/xc8/v2.32/avr/bin/../lib/gcc/avr/5.4.0/avrxmega4/memx-const\libgcc.a(_copy_data.o)
 .text.libgcc.fmul
                0x0000000000000000        0x0 c:/program files/microchip/xc8/v2.32/avr/bin/../lib/gcc/avr/5.4.0/avrxmega4/memx-const\libgcc.a(_copy_data.o)
 .text.libgcc.fixed
                0x0000000000000000        0x0 c:/program files/microchip/xc8/v2.32/avr/bin/../lib/gcc/avr/5.4.0/avrxmega4/memx-const\libgcc.a(_copy_data.o)

Memory Configuration

Name             Origin             Length             Attributes
text             0x0000000000000000 0x0000000000020000 xr
data             0x0000000000804000 0x0000000000004000 rw !x
eeprom           0x0000000000810000 0x0000000000000200 rw !x
fuse             0x0000000000820000 0x0000000000000010 rw !x
lock             0x0000000000830000 0x0000000000000400 rw !x
signature        0x0000000000840000 0x0000000000000400 rw !x
user_signatures  0x0000000000850000 0x0000000000000400 rw !x
*default*        0x0000000000000000 0xffffffffffffffff

Linker script and memory map

Address of section .data set to 0x804000
                0x0000000000008000                __RODATA_PM_OFFSET__ = 0x8000
LOAD C:/Program Files/Microchip/MPLABX/v5.50/packs/Microchip/AVR-Dx_DFP/1.8.112/xc8/avr/lib/avrxmega4/memx-const/crtavr128da48.o
                0x0000000000000001                __MPLAB_BUILD = 0x1
LOAD build/default/production/mcc_generated_files/src/protected_io.o
LOAD build/default/production/mcc_generated_files/src/cpuint.o
LOAD build/default/production/mcc_generated_files/src/tca0.o
LOAD build/default/production/mcc_generated_files/src/pin_manager.o
LOAD build/default/production/mcc_generated_files/delay.o
LOAD build/default/production/mcc_generated_files/mcc.o
LOAD build/default/production/mcc_generated_files/device_config.o
LOAD build/default/production/main.o
START GROUP
LOAD c:/program files/microchip/xc8/v2.32/avr/bin/../lib/gcc/avr/5.4.0/../../../../avr/lib/avrxmega4/memx-const\libm.a
END GROUP
START GROUP
LOAD c:/program files/microchip/xc8/v2.32/avr/bin/../lib/gcc/avr/5.4.0/avrxmega4/memx-const\libgcc.a
LOAD c:/program files/microchip/xc8/v2.32/avr/bin/../lib/gcc/avr/5.4.0/../../../../avr/lib/avrxmega4/memx-const\libm.a
LOAD c:/program files/microchip/xc8/v2.32/avr/bin/../lib/gcc/avr/5.4.0/../../../../avr/lib/avrxmega4/memx-const\libc.a
LOAD C:/Program Files/Microchip/MPLABX/v5.50/packs/Microchip/AVR-Dx_DFP/1.8.112/xc8/avr/lib/avrxmega4/memx-const\libavr128da48.a
END GROUP
                [0x0000000000000000]                __TEXT_REGION_ORIGIN__ = DEFINED (__TEXT_REGION_ORIGIN__)?__TEXT_REGION_ORIGIN__:0x0
                [0x0000000000804000]                __DATA_REGION_ORIGIN__ = DEFINED (__DATA_REGION_ORIGIN__)?__DATA_REGION_ORIGIN__:0x802000
                [0x0000000000020000]                __TEXT_REGION_LENGTH__ = DEFINED (__TEXT_REGION_LENGTH__)?__TEXT_REGION_LENGTH__:0x100000
                [0x0000000000004000]                __DATA_REGION_LENGTH__ = DEFINED (__DATA_REGION_LENGTH__)?__DATA_REGION_LENGTH__:0xffa0
                [0x0000000000000200]                __EEPROM_REGION_LENGTH__ = DEFINED (__EEPROM_REGION_LENGTH__)?__EEPROM_REGION_LENGTH__:0x10000
                [0x0000000000000010]                __FUSE_REGION_LENGTH__ = DEFINED (__FUSE_REGION_LENGTH__)?__FUSE_REGION_LENGTH__:0x400
                0x0000000000000400                __LOCK_REGION_LENGTH__ = DEFINED (__LOCK_REGION_LENGTH__)?__LOCK_REGION_LENGTH__:0x400
                0x0000000000000400                __SIGNATURE_REGION_LENGTH__ = DEFINED (__SIGNATURE_REGION_LENGTH__)?__SIGNATURE_REGION_LENGTH__:0x400
                0x0000000000000400                __USER_SIGNATURE_REGION_LENGTH__ = DEFINED (__USER_SIGNATURE_REGION_LENGTH__)?__USER_SIGNATURE_REGION_LENGTH__:0x400

.hash
 *(.hash)

.dynsym
 *(.dynsym)

.dynstr
 *(.dynstr)

.gnu.version
 *(.gnu.version)

.gnu.version_d
 *(.gnu.version_d)

.gnu.version_r
 *(.gnu.version_r)

.rel.init
 *(.rel.init)

.rela.init
 *(.rela.init)

.rel.text
 *(.rel.text)
 *(.rel.text.*)
 *(.rel.gnu.linkonce.t*)

.rela.text
 *(.rela.text)
 *(.rela.text.*)
 *(.rela.gnu.linkonce.t*)

.rel.fini
 *(.rel.fini)

.rela.fini
 *(.rela.fini)

.rel.rodata
 *(.rel.rodata)
 *(.rel.rodata.*)
 *(.rel.gnu.linkonce.r*)

.rela.rodata
 *(.rela.rodata)
 *(.rela.rodata.*)
 *(.rela.gnu.linkonce.r*)

.rel.data
 *(.rel.data)
 *(.rel.data.*)
 *(.rel.gnu.linkonce.d*)

.rela.data
 *(.rela.data)
 *(.rela.data.*)
 *(.rela.gnu.linkonce.d*)

.rel.ctors
 *(.rel.ctors)

.rela.ctors
 *(.rela.ctors)

.rel.dtors
 *(.rel.dtors)

.rela.dtors
 *(.rela.dtors)

.rel.got
 *(.rel.got)

.rela.got
 *(.rela.got)

.rel.bss
 *(.rel.bss)

.rela.bss
 *(.rela.bss)

.rel.plt
 *(.rel.plt)

.rela.plt
 *(.rela.plt)

.text           0x0000000000000000      0x148
 *(.vectors)
 .vectors       0x0000000000000000       0xe8 C:/Program Files/Microchip/MPLABX/v5.50/packs/Microchip/AVR-Dx_DFP/1.8.112/xc8/avr/lib/avrxmega4/memx-const/crtavr128da48.o
                0x0000000000000000                __vector_default
                0x0000000000000000                __vectors
 *(.vectors)
 *(.progmem.gcc*)
 *(.dinit)
 .dinit         0x00000000000000e8        0x7 data_init
                0x00000000000000f0                . = ALIGN (0x2)
 *fill*         0x00000000000000ef        0x1 
                0x00000000000000f0                __trampolines_start = .
 *(.trampolines)
 .trampolines   0x00000000000000f0        0x0 linker stubs
 *(.trampolines*)
                0x00000000000000f0                __trampolines_end = .
 *libprintf_flt.a:*(.progmem.data)
 *libc.a:*(.progmem.data)
                0x00000000000000f0                . = ALIGN (0x2)
 *(.jumptables)
 *(.jumptables*)
 *(.lowtext)
 *(.lowtext*)
                0x00000000000000f0                __ctors_start = .
 *(.ctors)
                0x00000000000000f0                __ctors_end = .
                0x00000000000000f0                __dtors_start = .
 *(.dtors)
                0x00000000000000f0                __dtors_end = .
 SORT(*)(.ctors)
 SORT(*)(.dtors)
 *(.init0)
 .init0         0x00000000000000f0        0x0 C:/Program Files/Microchip/MPLABX/v5.50/packs/Microchip/AVR-Dx_DFP/1.8.112/xc8/avr/lib/avrxmega4/memx-const/crtavr128da48.o
                0x00000000000000f0                __init
 *(.init0)
 *(.init1)
 *(.init1)
 *(.init2)
 .init2         0x00000000000000f0        0xc C:/Program Files/Microchip/MPLABX/v5.50/packs/Microchip/AVR-Dx_DFP/1.8.112/xc8/avr/lib/avrxmega4/memx-const/crtavr128da48.o
 *(.init2)
 *(.init3)
 *(.init3)
 *(.init4)
 .init4         0x00000000000000fc       0x40 c:/program files/microchip/xc8/v2.32/avr/bin/../lib/gcc/avr/5.4.0/avrxmega4/memx-const\libgcc.a(_copy_data.o)
                0x00000000000000fc                __do_copy_data
                0x000000000000012e                __do_clear_bss
 *(.init4)
 *(.init5)
 *(.init5)
 *(.init6)
 *(.init6)
 *(.init7)
 *(.init7)
 *(.init8)
 *(.init8)
 *(.init9)
 .init9         0x000000000000013c        0x8 C:/Program Files/Microchip/MPLABX/v5.50/packs/Microchip/AVR-Dx_DFP/1.8.112/xc8/avr/lib/avrxmega4/memx-const/crtavr128da48.o
 *(.init9)
                0x0000000000000144                . = ALIGN (0x2)
 *(.fini9)
 .fini9         0x0000000000000144        0x0 c:/program files/microchip/xc8/v2.32/avr/bin/../lib/gcc/avr/5.4.0/avrxmega4/memx-const\libgcc.a(_exit.o)
                0x0000000000000144                _exit
                0x0000000000000144                exit
 *(.fini9)
 *(.fini8)
 *(.fini8)
 *(.fini7)
 *(.fini7)
 *(.fini6)
 *(.fini6)
 *(.fini5)
 *(.fini5)
 *(.fini4)
 *(.fini4)
 *(.fini3)
 *(.fini3)
 *(.fini2)
 *(.fini2)
 *(.fini1)
 *(.fini1)
 *(.fini0)
 .fini0         0x0000000000000144        0x4 c:/program files/microchip/xc8/v2.32/avr/bin/../lib/gcc/avr/5.4.0/avrxmega4/memx-const\libgcc.a(_exit.o)
 *(.fini0)
                0x0000000000000148                _etext = .

.data           0x0000000000804000        0x0 load address 0x0000000000000148
                [!provide]                        PROVIDE (__data_start, .)
 *(.gnu.linkonce.d*)
 *(.gnu.linkonce.r*)
                0x0000000000804000                . = ALIGN (0x2)
                0x0000000000804000                _edata = .
                [!provide]                        PROVIDE (__data_end, .)

.bss            0x0000000000804000        0x0
                [!provide]                        PROVIDE (__bss_start, .)
 *(COMMON)
                [!provide]                        PROVIDE (__bss_end, .)
                0x0000000000000148                __data_load_start = LOADADDR (.data)
                0x0000000000000148                __data_load_end = (__data_load_start + SIZEOF (.data))

.noinit         0x0000000000804000        0x0
                [!provide]                        PROVIDE (__noinit_start, .)
 *(.noinit*)
                [!provide]                        PROVIDE (__noinit_end, .)
                0x0000000000804000                _end = .

.eeprom         0x0000000000810000        0x0
 *(.eeprom*)
                0x0000000000810000                __eeprom_end = .

.fuse           0x0000000000820000        0x9
 *(.fuse)
 .fuse          0x0000000000820000        0x9 build/default/production/mcc_generated_files/device_config.o
                0x0000000000820000                __fuse
 *(.lfuse)
 *(.hfuse)
 *(.efuse)

.lock
 *(.lock*)

.signature
 *(.signature*)

.user_signatures
 *(.user_signatures*)

.stab
 *(.stab)

.stabstr
 *(.stabstr)

.stab.excl
 *(.stab.excl)

.stab.exclstr
 *(.stab.exclstr)

.stab.index
 *(.stab.index)

.stab.indexstr
 *(.stab.indexstr)

.comment        0x0000000000000000       0x2f
 *(.comment)
 .comment       0x0000000000000000       0x2f build/default/production/mcc_generated_files/src/cpuint.o
                                         0x30 (size before relaxing)
 .comment       0x000000000000002f       0x30 build/default/production/mcc_generated_files/src/tca0.o
 .comment       0x000000000000002f       0x30 build/default/production/mcc_generated_files/src/pin_manager.o
 .comment       0x000000000000002f       0x30 build/default/production/mcc_generated_files/mcc.o
 .comment       0x000000000000002f       0x30 build/default/production/mcc_generated_files/device_config.o
 .comment       0x000000000000002f       0x30 build/default/production/main.o

.stack.descriptors.hdr
                0x0000000000000000        0xe
 .stack.descriptors.hdr
                0x0000000000000000        0xe c:/program files/microchip/xc8/v2.32/avr/bin/../lib/gcc/avr/5.4.0/avrxmega4/memx-const\libgcc.a(_exit.o)

.note.gnu.build-id
 *(.note.gnu.build-id)

.debug
 *(.debug)

.line
 *(.line)

.debug_srcinfo
 *(.debug_srcinfo)

.debug_sfnames
 *(.debug_sfnames)

.debug_aranges  0x0000000000000000      0x260
 *(.debug_aranges)
 .debug_aranges
                0x0000000000000000       0x20 build/default/production/mcc_generated_files/src/protected_io.o
 .debug_aranges
                0x0000000000000020       0x20 build/default/production/mcc_generated_files/src/cpuint.o
 .debug_aranges
                0x0000000000000040      0x118 build/default/production/mcc_generated_files/src/tca0.o
 .debug_aranges
                0x0000000000000158       0x88 build/default/production/mcc_generated_files/src/pin_manager.o
 .debug_aranges
                0x00000000000001e0       0x48 build/default/production/mcc_generated_files/mcc.o
 .debug_aranges
                0x0000000000000228       0x18 build/default/production/mcc_generated_files/device_config.o
 .debug_aranges
                0x0000000000000240       0x20 build/default/production/main.o

.debug_pubnames
 *(.debug_pubnames)

.debug_info     0x0000000000000000     0x5f50
 *(.debug_info .gnu.linkonce.wi.*)
 .debug_info    0x0000000000000000     0x2c24 C:/Program Files/Microchip/MPLABX/v5.50/packs/Microchip/AVR-Dx_DFP/1.8.112/xc8/avr/lib/avrxmega4/memx-const/crtavr128da48.o
 .debug_info    0x0000000000002c24       0x94 build/default/production/mcc_generated_files/src/protected_io.o
 .debug_info    0x0000000000002cb8      0x3d9 build/default/production/mcc_generated_files/src/cpuint.o
 .debug_info    0x0000000000003091      0xfb5 build/default/production/mcc_generated_files/src/tca0.o
 .debug_info    0x0000000000004046      0xa9c build/default/production/mcc_generated_files/src/pin_manager.o
 .debug_info    0x0000000000004ae2      0x9b6 build/default/production/mcc_generated_files/mcc.o
 .debug_info    0x0000000000005498      0x842 build/default/production/mcc_generated_files/device_config.o
 .debug_info    0x0000000000005cda      0x276 build/default/production/main.o

.debug_abbrev   0x0000000000000000     0x30b0
 *(.debug_abbrev)
 .debug_abbrev  0x0000000000000000     0x29ce C:/Program Files/Microchip/MPLABX/v5.50/packs/Microchip/AVR-Dx_DFP/1.8.112/xc8/avr/lib/avrxmega4/memx-const/crtavr128da48.o
 .debug_abbrev  0x00000000000029ce       0x14 build/default/production/mcc_generated_files/src/protected_io.o
 .debug_abbrev  0x00000000000029e2       0xfa build/default/production/mcc_generated_files/src/cpuint.o
 .debug_abbrev  0x0000000000002adc      0x1df build/default/production/mcc_generated_files/src/tca0.o
 .debug_abbrev  0x0000000000002cbb      0x198 build/default/production/mcc_generated_files/src/pin_manager.o
 .debug_abbrev  0x0000000000002e53      0x169 build/default/production/mcc_generated_files/mcc.o
 .debug_abbrev  0x0000000000002fbc       0x97 build/default/production/mcc_generated_files/device_config.o
 .debug_abbrev  0x0000000000003053       0x5d build/default/production/main.o

.debug_line     0x0000000000000000     0x110b
 *(.debug_line .debug_line.* .debug_line_end)
 .debug_line    0x0000000000000000      0x1f6 C:/Program Files/Microchip/MPLABX/v5.50/packs/Microchip/AVR-Dx_DFP/1.8.112/xc8/avr/lib/avrxmega4/memx-const/crtavr128da48.o
 .debug_line    0x00000000000001f6       0x6c build/default/production/mcc_generated_files/src/protected_io.o
 .debug_line    0x0000000000000262      0x18e build/default/production/mcc_generated_files/src/cpuint.o
 .debug_line    0x00000000000003f0      0x4cf build/default/production/mcc_generated_files/src/tca0.o
 .debug_line    0x00000000000008bf      0x4ac build/default/production/mcc_generated_files/src/pin_manager.o
 .debug_line    0x0000000000000d6b      0x256 build/default/production/mcc_generated_files/mcc.o
 .debug_line    0x0000000000000fc1       0xf3 build/default/production/mcc_generated_files/device_config.o
 .debug_line    0x00000000000010b4       0x57 build/default/production/main.o

.debug_frame    0x0000000000000000      0x548
 *(.debug_frame)
 .debug_frame   0x0000000000000000       0x24 build/default/production/mcc_generated_files/src/cpuint.o
 .debug_frame   0x0000000000000024      0x37c build/default/production/mcc_generated_files/src/tca0.o
 .debug_frame   0x00000000000003a0      0x100 build/default/production/mcc_generated_files/src/pin_manager.o
 .debug_frame   0x00000000000004a0       0x84 build/default/production/mcc_generated_files/mcc.o
 .debug_frame   0x0000000000000524       0x24 build/default/production/main.o

.debug_str      0x0000000000000000     0x141e
 *(.debug_str)
 .debug_str     0x0000000000000000     0x1320 C:/Program Files/Microchip/MPLABX/v5.50/packs/Microchip/AVR-Dx_DFP/1.8.112/xc8/avr/lib/avrxmega4/memx-const/crtavr128da48.o
 .debug_str     0x0000000000001320       0x13 build/default/production/mcc_generated_files/src/cpuint.o
 .debug_str     0x0000000000001333       0x5b build/default/production/mcc_generated_files/src/tca0.o
 .debug_str     0x000000000000138e       0x1c build/default/production/mcc_generated_files/src/pin_manager.o
 .debug_str     0x00000000000013aa       0x62 build/default/production/mcc_generated_files/mcc.o
 .debug_str     0x000000000000140c        0x0 build/default/production/mcc_generated_files/device_config.o
 .debug_str     0x000000000000140c       0x12 build/default/production/main.o

.debug_loc      0x0000000000000000      0x23d
 *(.debug_loc)
 .debug_loc     0x0000000000000000       0x2a build/default/production/mcc_generated_files/src/cpuint.o
 .debug_loc     0x000000000000002a       0x78 build/default/production/mcc_generated_files/src/pin_manager.o
 .debug_loc     0x00000000000000a2      0x19b build/default/production/mcc_generated_files/mcc.o

.debug_macinfo
 *(.debug_macinfo)

.debug_weaknames
 *(.debug_weaknames)

.debug_funcnames
 *(.debug_funcnames)

.debug_typenames
 *(.debug_typenames)

.debug_varnames
 *(.debug_varnames)

.debug_pubtypes
 *(.debug_pubtypes)

.debug_ranges   0x0000000000000000      0x1d8
 *(.debug_ranges)
 .debug_ranges  0x0000000000000000       0x10 build/default/production/mcc_generated_files/src/cpuint.o
 .debug_ranges  0x0000000000000010      0x108 build/default/production/mcc_generated_files/src/tca0.o
 .debug_ranges  0x0000000000000118       0x78 build/default/production/mcc_generated_files/src/pin_manager.o
 .debug_ranges  0x0000000000000190       0x38 build/default/production/mcc_generated_files/mcc.o
 .debug_ranges  0x00000000000001c8       0x10 build/default/production/main.o

.debug_macro
 *(.debug_macro)
OUTPUT(dist/default/production/Split_Mode_mcc.X.production.elf elf32-avr)
LOAD linker stubs
LOAD data_init

.note.gnu.avr.deviceinfo
                0x0000000000000000       0x40
 .note.gnu.avr.deviceinfo
                0x0000000000000000       0x40 C:/Program Files/Microchip/MPLABX/v5.50/packs/Microchip/AVR-Dx_DFP/1.8.112/xc8/avr/lib/avrxmega4/memx-const/crtavr128da48.o

.text.PIN_MANAGER_Initialize
                0x0000000000000148      0x13c
 .text.PIN_MANAGER_Initialize
                0x0000000000000148      0x13c build/default/production/mcc_generated_files/src/pin_manager.o
                0x0000000000000148                PIN_MANAGER_Initialize

.text.PORT_Initialize
                0x0000000000000284       0x6e
 .text.PORT_Initialize
                0x0000000000000284       0x6e build/default/production/mcc_generated_files/src/pin_manager.o
                0x0000000000000284                PORT_Initialize

.text.__vector_8
                0x00000000000002f2       0x60
 .text.__vector_8
                0x00000000000002f2       0x60 build/default/production/mcc_generated_files/src/tca0.o
                0x00000000000002f2                __vector_8

.text.__vector_9
                0x0000000000000352       0x60
 .text.__vector_9
                0x0000000000000352       0x60 build/default/production/mcc_generated_files/src/tca0.o
                0x0000000000000352                __vector_9

.text.__vector_10
                0x00000000000003b2       0x60
 .text.__vector_10
                0x00000000000003b2       0x60 build/default/production/mcc_generated_files/src/tca0.o
                0x00000000000003b2                __vector_10

.text.__vector_11
                0x0000000000000412       0x60
 .text.__vector_11
                0x0000000000000412       0x60 build/default/production/mcc_generated_files/src/tca0.o
                0x0000000000000412                __vector_11

.text.__vector_7
                0x0000000000000472       0x60
 .text.__vector_7
                0x0000000000000472       0x60 build/default/production/mcc_generated_files/src/tca0.o
                0x0000000000000472                __vector_7

.text.CLKCTRL_Initialize
                0x00000000000004d2       0x58
 .text.CLKCTRL_Initialize
                0x00000000000004d2       0x58 build/default/production/mcc_generated_files/mcc.o
                0x00000000000004d2                CLKCTRL_Initialize

.text.TCA0_Initialize
                0x000000000000052a       0x42
 .text.TCA0_Initialize
                0x000000000000052a       0x42 build/default/production/mcc_generated_files/src/tca0.o
                0x000000000000052a                TCA0_Initialize

.text.__vector_2
                0x000000000000056c       0x1e
 .text.__vector_2
                0x000000000000056c       0x1e build/default/production/mcc_generated_files/mcc.o
                0x000000000000056c                __vector_2

.text.SYSTEM_Initialize
                0x000000000000058a       0x1e
 .text.SYSTEM_Initialize
                0x000000000000058a       0x1e build/default/production/mcc_generated_files/mcc.o
                0x000000000000058a                SYSTEM_Initialize

.text.CPUINT_Initialize
                0x00000000000005a8       0x1a
 .text.CPUINT_Initialize
                0x00000000000005a8       0x1a build/default/production/mcc_generated_files/src/cpuint.o
                0x00000000000005a8                CPUINT_Initialize

.text.BOD_Initialize
                0x00000000000005c2       0x18
 .text.BOD_Initialize
                0x00000000000005c2       0x18 build/default/production/mcc_generated_files/mcc.o
                0x00000000000005c2                BOD_Initialize

.text.SLPCTRL_Initialize
                0x00000000000005da       0x10
 .text.SLPCTRL_Initialize
                0x00000000000005da       0x10 build/default/production/mcc_generated_files/mcc.o
                0x00000000000005da                SLPCTRL_Initialize

.text.WDT_Initialize
                0x00000000000005ea       0x10
 .text.WDT_Initialize
                0x00000000000005ea       0x10 build/default/production/mcc_generated_files/mcc.o
                0x00000000000005ea                WDT_Initialize

.text.protected_write_io
                0x00000000000005fa        0xa
 .text.protected_write_io
                0x00000000000005fa        0xa build/default/production/mcc_generated_files/src/protected_io.o
                0x00000000000005fa                protected_write_io

.text.main      0x0000000000000604        0x6
 .text.main     0x0000000000000604        0x6 build/default/production/main.o
                0x0000000000000604                main

.text           0x000000000000060a        0x4
 .text          0x000000000000060a        0x4 C:/Program Files/Microchip/MPLABX/v5.50/packs/Microchip/AVR-Dx_DFP/1.8.112/xc8/avr/lib/avrxmega4/memx-const/crtavr128da48.o
                0x000000000000060a                __vector_38
                0x000000000000060a                __vector_22
                0x000000000000060a                __vector_28
                0x000000000000060a                __vector_1
                0x000000000000060a                __vector_32
                0x000000000000060a                __vector_34
                0x000000000000060a                __vector_24
                0x000000000000060a                __vector_12
                0x000000000000060a                __vector_55
                0x000000000000060a                __vector_46
                0x000000000000060a                __bad_interrupt
                0x000000000000060a                __vector_6
                0x000000000000060a                __vector_31
                0x000000000000060a                __vector_35
                0x000000000000060a                __vector_39
                0x000000000000060a                __vector_3
                0x000000000000060a                __vector_23
                0x000000000000060a                __vector_30
                0x000000000000060a                __vector_45
                0x000000000000060a                __vector_25
                0x000000000000060a                __vector_54
                0x000000000000060a                __vector_13
                0x000000000000060a                __vector_17
                0x000000000000060a                __vector_19
                0x000000000000060a                __vector_56
                0x000000000000060a                __vector_49
                0x000000000000060a                __vector_41
                0x000000000000060a                __vector_43
                0x000000000000060a                __vector_27
                0x000000000000060a                __vector_5
                0x000000000000060a                __vector_33
                0x000000000000060a                __vector_47
                0x000000000000060a                __vector_52
                0x000000000000060a                __vector_37
                0x000000000000060a                __vector_4
                0x000000000000060a                __vector_44
                0x000000000000060a                __vector_51
                0x000000000000060a                __vector_21
                0x000000000000060a                __vector_15
                0x000000000000060a                __vector_36
                0x000000000000060a                __vector_29
                0x000000000000060a                __vector_40
                0x000000000000060a                __vector_26
                0x000000000000060a                __vector_48
                0x000000000000060a                __vector_14
                0x000000000000060a                __vector_57
                0x000000000000060a                __vector_53
                0x000000000000060a                __vector_50
                0x000000000000060a                __vector_16
                0x000000000000060a                __vector_18
                0x000000000000060a                __vector_20
                0x000000000000060a                __vector_42

.text.TCA0_DefaultTimer1IsrCallback
                0x000000000000060e        0x2
 .text.TCA0_DefaultTimer1IsrCallback
                0x000000000000060e        0x2 build/default/production/mcc_generated_files/src/tca0.o
                0x000000000000060e                TCA0_DefaultTimer1IsrCallback

.text.TCA0_DefaultLCMP0IsrCallback
                0x0000000000000610        0x2
 .text.TCA0_DefaultLCMP0IsrCallback
                0x0000000000000610        0x2 build/default/production/mcc_generated_files/src/tca0.o
                0x0000000000000610                TCA0_DefaultLCMP0IsrCallback

.text.TCA0_DefaultLCMP1IsrCallback
                0x0000000000000612        0x2
 .text.TCA0_DefaultLCMP1IsrCallback
                0x0000000000000612        0x2 build/default/production/mcc_generated_files/src/tca0.o
                0x0000000000000612                TCA0_DefaultLCMP1IsrCallback

.text.TCA0_DefaultLCMP2IsrCallback
                0x0000000000000614        0x2
 .text.TCA0_DefaultLCMP2IsrCallback
                0x0000000000000614        0x2 build/default/production/mcc_generated_files/src/tca0.o
                0x0000000000000614                TCA0_DefaultLCMP2IsrCallback

.text.TCA0_DefaultTimer2IsrCallback
                0x0000000000000616        0x2
 .text.TCA0_DefaultTimer2IsrCallback
                0x0000000000000616        0x2 build/default/production/mcc_generated_files/src/tca0.o
                0x0000000000000616                TCA0_DefaultTimer2IsrCallback

.data.TCA0_Timer2_isr_cb
                0x0000000000804000        0x2 load address 0x0000000000000618
 .data.TCA0_Timer2_isr_cb
                0x0000000000804000        0x2 build/default/production/mcc_generated_files/src/tca0.o
                0x0000000000804000                TCA0_Timer2_isr_cb

.data.TCA0_LCMP2_isr_cb
                0x0000000000804002        0x2 load address 0x000000000000061a
 .data.TCA0_LCMP2_isr_cb
                0x0000000000804002        0x2 build/default/production/mcc_generated_files/src/tca0.o
                0x0000000000804002                TCA0_LCMP2_isr_cb

.data.TCA0_LCMP1_isr_cb
                0x0000000000804004        0x2 load address 0x000000000000061c
 .data.TCA0_LCMP1_isr_cb
                0x0000000000804004        0x2 build/default/production/mcc_generated_files/src/tca0.o
                0x0000000000804004                TCA0_LCMP1_isr_cb

.data.TCA0_LCMP0_isr_cb
                0x0000000000804006        0x2 load address 0x000000000000061e
 .data.TCA0_LCMP0_isr_cb
                0x0000000000804006        0x2 build/default/production/mcc_generated_files/src/tca0.o
                0x0000000000804006                TCA0_LCMP0_isr_cb

.data.TCA0_Timer1_isr_cb
                0x0000000000804008        0x2 load address 0x0000000000000620
 .data.TCA0_Timer1_isr_cb
                0x0000000000804008        0x2 build/default/production/mcc_generated_files/src/tca0.o
                0x0000000000804008                TCA0_Timer1_isr_cb
